Timing is on.
Pager usage is off.
SET
Time: First fetch (0 rows): 0.612 ms. All rows formatted: 0.639 ms
CREATE TABLE
Time: First fetch (0 rows): 4.927 ms. All rows formatted: 4.946 ms
vsql:tests/copy_test.sql:8: ERROR 3399:  Failure in UDx RPC call InvokeSetupUDL(): Error calling setupUDL() in User Defined Object [ODBCLoader] at [ODBCLoader.cpp:250], error code: 0, message: ODBC Error: SQLDriverConnect() failed with error code IM002, native code 0 [[unixODBC][Driver Manager]Data source name not found, and no default driver specified]
 i | b | f | v | c | lv | bn | vb | lvb | d | t | ts | tz | tsz | n 
---+---+---+---+---+----+----+----+-----+---+---+----+----+-----+---
(0 rows)

Time: First fetch (0 rows): 4.753 ms. All rows formatted: 4.788 ms
DROP TABLE
Time: First fetch (0 rows): 4.588 ms. All rows formatted: 4.613 ms
